Component: ARM Compiler 5.06 update 1 (build 61) Tool: armlink [4d35a8]

==============================================================================

Section Cross References

    main.o(i.PeriodMeasure) refers to main.o(.data) for counter
    main.o(i.PeriodMeasure2) refers to main.o(.data) for counter2
    main.o(i.control) refers to fflt_clz.o(x$fpl$fflt) for __aeabi_i2f
    main.o(i.control) refers to fdiv.o(x$fpl$fdiv) for __aeabi_fdiv
    main.o(i.control) refers to ffix.o(x$fpl$ffix) for __aeabi_f2iz
    main.o(i.control) refers to fmul.o(x$fpl$fmul) for __aeabi_fmul
    main.o(i.control) refers to faddsub_clz.o(x$fpl$fadd) for __aeabi_fadd
    main.o(i.control) refers to main.o(i.getAverageOfArray) for getAverageOfArray
    main.o(i.control) refers to main.o(i.turnRight) for turnRight
    main.o(i.control) refers to main.o(i.goStraight) for goStraight
    main.o(i.control) refers to dflt_clz.o(x$fpl$dflt) for __aeabi_i2d
    main.o(i.control) refers to dmul.o(x$fpl$dmul) for __aeabi_dmul
    main.o(i.control) refers to dfixu.o(x$fpl$dfixu) for __aeabi_d2uiz
    main.o(i.control) refers to pwm.o(i.PWM_Duty1) for PWM_Duty1
    main.o(i.control) refers to pwm.o(i.PWM_Duty2) for PWM_Duty2
    main.o(i.control) refers to main.o(i.updateArray) for updateArray
    main.o(i.control) refers to inputcapture.o(.data) for inchesRB
    main.o(i.control) refers to main.o(.data) for error
    main.o(i.getAverageOfArray) refers to main.o(.bss) for averageDistance
    main.o(i.getRFaverage) refers to main.o(.bss) for averageRF
    main.o(i.goStraight) refers to pwm.o(i.PWM_Duty1) for PWM_Duty1
    main.o(i.goStraight) refers to pwm.o(i.PWM_Duty2) for PWM_Duty2
    main.o(i.initArray) refers to inputcapture.o(.data) for inchesRB
    main.o(i.initArray) refers to main.o(.bss) for averageDistance
    main.o(i.main) refers to pwm.o(i.PWM_Init) for PWM_Init
    main.o(i.main) refers to clocksystem.o(.text) for Clock_Init48MHz
    main.o(i.main) refers to inputcapture.o(i.TimerCapture_Init01) for TimerCapture_Init01
    main.o(i.main) refers to inputcapture.o(i.TimerCapture_Init3) for TimerCapture_Init3
    main.o(i.main) refers to inputcapture.o(i.TimerCapture_Init2) for TimerCapture_Init2
    main.o(i.main) refers to main.o(i.initArray) for initArray
    main.o(i.main) refers to main.o(.emb_text) for Delay
    main.o(i.main) refers to main.o(i.control) for control
    main.o(i.main) refers to main.o(.data) for speedRight
    main.o(i.main) refers to main.o(i.PeriodMeasure2) for PeriodMeasure2
    main.o(i.main) refers to main.o(i.PeriodMeasure) for PeriodMeasure
    main.o(i.turnRight) refers to pwm.o(i.PWM_Duty1) for PWM_Duty1
    main.o(i.turnRight) refers to pwm.o(i.PWM_Duty2) for PWM_Duty2
    main.o(i.turnRight) refers to main.o(.emb_text) for Delay
    main.o(i.turnRight) refers to main.o(.data) for noTurn
    main.o(i.updateArray) refers to main.o(.data) for arrayIndex
    main.o(i.updateArray) refers to inputcapture.o(.data) for inchesRB
    main.o(i.updateArray) refers to main.o(.bss) for averageDistance
    pwm.o(i.PWM_Init) refers to clocksystem.o(.text) for Clock_Init48MHz
    inputcapture.o(i.TA0_0_IRQHandler) refers to inputcapture.o(.data) for CaptureTask
    inputcapture.o(i.TA1_0_IRQHandler) refers to inputcapture.o(.data) for CaptureTask
    inputcapture.o(i.TA1_N_IRQHandler) refers to inputcapture.o(.data) for CaptureTask2
    inputcapture.o(i.TA2_N_IRQHandler) refers to inputcapture.o(.data) for PW2
    inputcapture.o(i.TA3_0_IRQHandler) refers to inputcapture.o(.data) for PW1
    inputcapture.o(i.TimerCapture_Init0) refers to startup_msp432.o(.text) for StartCritical
    inputcapture.o(i.TimerCapture_Init0) refers to inputcapture.o(.data) for CaptureTask
    inputcapture.o(i.TimerCapture_Init01) refers to startup_msp432.o(.text) for StartCritical
    inputcapture.o(i.TimerCapture_Init01) refers to inputcapture.o(.data) for CaptureTask
    inputcapture.o(i.TimerCapture_Init2) refers to startup_msp432.o(.text) for StartCritical
    inputcapture.o(i.TimerCapture_Init3) refers to startup_msp432.o(.text) for StartCritical
    startup_msp432.o(STACK) refers (Special) to heapauxi.o(.text) for __use_two_region_memory
    startup_msp432.o(HEAP) refers (Special) to heapauxi.o(.text) for __use_two_region_memory
    startup_msp432.o(RESET) refers (Special) to heapauxi.o(.text) for __use_two_region_memory
    startup_msp432.o(RESET) refers to startup_msp432.o(STACK) for __initial_sp
    startup_msp432.o(RESET) refers to startup_msp432.o(.text) for Reset_Handler
    startup_msp432.o(RESET) refers to inputcapture.o(i.TA0_0_IRQHandler) for TA0_0_IRQHandler
    startup_msp432.o(RESET) refers to inputcapture.o(i.TA1_0_IRQHandler) for TA1_0_IRQHandler
    startup_msp432.o(RESET) refers to inputcapture.o(i.TA1_N_IRQHandler) for TA1_N_IRQHandler
    startup_msp432.o(RESET) refers to inputcapture.o(i.TA2_N_IRQHandler) for TA2_N_IRQHandler
    startup_msp432.o(RESET) refers to inputcapture.o(i.TA3_0_IRQHandler) for TA3_0_IRQHandler
    startup_msp432.o(.text) refers (Special) to heapauxi.o(.text) for __use_two_region_memory
    startup_msp432.o(.text) refers to system_msp432.o(i.SystemInit) for SystemInit
    startup_msp432.o(.text) refers to __main.o(!!!main) for __main
    startup_msp432.o(.text) refers to startup_msp432.o(HEAP) for Heap_Mem
    startup_msp432.o(.text) refers to startup_msp432.o(STACK) for Stack_Mem
    system_msp432.o(i.SystemCoreClockUpdate) refers to system_msp432.o(.data) for SystemCoreClock
    system_msp432.o(i.SystemInit) refers to system_msp432.o(.data) for SystemCoreClock
    __main.o(!!!main) refers to __rtentry.o(.ARM.Collect$$rtentry$$00000000) for __rt_entry
    dfixu.o(x$fpl$dfixu) refers (Special) to usenofp.o(x$fpl$usenofp) for __I$use$fp
    dfixu.o(x$fpl$dfixu) refers to dnaninf.o(x$fpl$dnaninf) for __fpl_dnaninf
    dfixu.o(x$fpl$dfixur) refers (Special) to usenofp.o(x$fpl$usenofp) for __I$use$fp
    dfixu.o(x$fpl$dfixur) refers to dnaninf.o(x$fpl$dnaninf) for __fpl_dnaninf
    dflt_clz.o(x$fpl$dfltu) refers (Special) to usenofp.o(x$fpl$usenofp) for __I$use$fp
    dflt_clz.o(x$fpl$dflt) refers (Special) to usenofp.o(x$fpl$usenofp) for __I$use$fp
    dflt_clz.o(x$fpl$dfltn) refers (Special) to usenofp.o(x$fpl$usenofp) for __I$use$fp
    dmul.o(x$fpl$dmul) refers (Special) to usenofp.o(x$fpl$usenofp) for __I$use$fp
    dmul.o(x$fpl$dmul) refers to dretinf.o(x$fpl$dretinf) for __fpl_dretinf
    dmul.o(x$fpl$dmul) refers to dnaninf.o(x$fpl$dnaninf) for __fpl_dnaninf
    faddsub_clz.o(x$fpl$fadd) refers (Special) to usenofp.o(x$fpl$usenofp) for __I$use$fp
    faddsub_clz.o(x$fpl$fadd) refers to faddsub_clz.o(x$fpl$fsub) for _fsub1
    faddsub_clz.o(x$fpl$fadd) refers to fretinf.o(x$fpl$fretinf) for __fpl_fretinf
    faddsub_clz.o(x$fpl$fadd) refers to fnaninf.o(x$fpl$fnaninf) for __fpl_fnaninf
    faddsub_clz.o(x$fpl$frsb) refers (Special) to usenofp.o(x$fpl$usenofp) for __I$use$fp
    faddsub_clz.o(x$fpl$frsb) refers to faddsub_clz.o(x$fpl$fadd) for _fadd1
    faddsub_clz.o(x$fpl$frsb) refers to faddsub_clz.o(x$fpl$fsub) for _fsub1
    faddsub_clz.o(x$fpl$fsub) refers (Special) to usenofp.o(x$fpl$usenofp) for __I$use$fp
    faddsub_clz.o(x$fpl$fsub) refers to faddsub_clz.o(x$fpl$fadd) for _fadd1
    faddsub_clz.o(x$fpl$fsub) refers to fnaninf.o(x$fpl$fnaninf) for __fpl_fnaninf
    fdiv.o(x$fpl$frdiv) refers (Special) to usenofp.o(x$fpl$usenofp) for __I$use$fp
    fdiv.o(x$fpl$frdiv) refers to fdiv.o(x$fpl$fdiv) for _fdiv1
    fdiv.o(x$fpl$fdiv) refers (Special) to usenofp.o(x$fpl$usenofp) for __I$use$fp
    fdiv.o(x$fpl$fdiv) refers to fretinf.o(x$fpl$fretinf) for __fpl_fretinf
    fdiv.o(x$fpl$fdiv) refers to fnaninf.o(x$fpl$fnaninf) for __fpl_fnaninf
    ffix.o(x$fpl$ffix) refers (Special) to usenofp.o(x$fpl$usenofp) for __I$use$fp
    ffix.o(x$fpl$ffix) refers to fnaninf.o(x$fpl$fnaninf) for __fpl_fnaninf
    ffix.o(x$fpl$ffixr) refers (Special) to usenofp.o(x$fpl$usenofp) for __I$use$fp
    ffix.o(x$fpl$ffixr) refers to fnaninf.o(x$fpl$fnaninf) for __fpl_fnaninf
    fflt_clz.o(x$fpl$ffltu) refers (Special) to usenofp.o(x$fpl$usenofp) for __I$use$fp
    fflt_clz.o(x$fpl$fflt) refers (Special) to usenofp.o(x$fpl$usenofp) for __I$use$fp
    fflt_clz.o(x$fpl$ffltn) refers (Special) to usenofp.o(x$fpl$usenofp) for __I$use$fp
    fmul.o(x$fpl$fmul) refers (Special) to usenofp.o(x$fpl$usenofp) for __I$use$fp
    fmul.o(x$fpl$fmul) refers to fretinf.o(x$fpl$fretinf) for __fpl_fretinf
    fmul.o(x$fpl$fmul) refers to fnaninf.o(x$fpl$fnaninf) for __fpl_fnaninf
    __rtentry.o(.ARM.Collect$$rtentry$$00000000) refers (Special) to __rtentry2.o(.ARM.Collect$$rtentry$$0000000A) for __rt_entry_li
    __rtentry.o(.ARM.Collect$$rtentry$$00000000) refers (Special) to __rtentry2.o(.ARM.Collect$$rtentry$$0000000D) for __rt_entry_main
    __rtentry.o(.ARM.Collect$$rtentry$$00000000) refers (Special) to __rtentry2.o(.ARM.Collect$$rtentry$$0000000C) for __rt_entry_postli_1
    __rtentry.o(.ARM.Collect$$rtentry$$00000000) refers (Special) to __rtentry2.o(.ARM.Collect$$rtentry$$00000009) for __rt_entry_postsh_1
    __rtentry.o(.ARM.Collect$$rtentry$$00000000) refers (Special) to __rtentry2.o(.ARM.Collect$$rtentry$$00000002) for __rt_entry_presh_1
    __rtentry.o(.ARM.Collect$$rtentry$$00000000) refers (Special) to __rtentry4.o(.ARM.Collect$$rtentry$$00000004) for __rt_entry_sh
    dnaninf.o(x$fpl$dnaninf) refers (Special) to usenofp.o(x$fpl$usenofp) for __I$use$fp
    dretinf.o(x$fpl$dretinf) refers (Special) to usenofp.o(x$fpl$usenofp) for __I$use$fp
    fnaninf.o(x$fpl$fnaninf) refers (Special) to usenofp.o(x$fpl$usenofp) for __I$use$fp
    fretinf.o(x$fpl$fretinf) refers (Special) to usenofp.o(x$fpl$usenofp) for __I$use$fp
    __rtentry2.o(.ARM.Collect$$rtentry$$00000008) refers to boardinit2.o(.text) for _platform_post_stackheap_init
    __rtentry2.o(.ARM.Collect$$rtentry$$0000000A) refers to libinit.o(.ARM.Collect$$libinit$$00000000) for __rt_lib_init
    __rtentry2.o(.ARM.Collect$$rtentry$$0000000B) refers to boardinit3.o(.text) for _platform_post_lib_init
    __rtentry2.o(.ARM.Collect$$rtentry$$0000000D) refers to main.o(i.main) for main
    __rtentry2.o(.ARM.Collect$$rtentry$$0000000D) refers to exit.o(.text) for exit
    __rtentry2.o(.ARM.exidx) refers to __rtentry2.o(.ARM.Collect$$rtentry$$00000001) for .ARM.Collect$$rtentry$$00000001
    __rtentry2.o(.ARM.exidx) refers to __rtentry2.o(.ARM.Collect$$rtentry$$00000008) for .ARM.Collect$$rtentry$$00000008
    __rtentry2.o(.ARM.exidx) refers to __rtentry2.o(.ARM.Collect$$rtentry$$0000000A) for .ARM.Collect$$rtentry$$0000000A
    __rtentry2.o(.ARM.exidx) refers to __rtentry2.o(.ARM.Collect$$rtentry$$0000000B) for .ARM.Collect$$rtentry$$0000000B
    __rtentry2.o(.ARM.exidx) refers to __rtentry2.o(.ARM.Collect$$rtentry$$0000000D) for .ARM.Collect$$rtentry$$0000000D
    __rtentry4.o(.ARM.Collect$$rtentry$$00000004) refers to sys_stackheap_outer.o(.text) for __user_setup_stackheap
    __rtentry4.o(.ARM.exidx) refers to __rtentry4.o(.ARM.Collect$$rtentry$$00000004) for .ARM.Collect$$rtentry$$00000004
    sys_stackheap_outer.o(.text) refers to libspace.o(.text) for __user_perproc_libspace
    sys_stackheap_outer.o(.text) refers to startup_msp432.o(.text) for __user_initial_stackheap
    exit.o(.text) refers to rtexit.o(.ARM.Collect$$rtexit$$00000000) for __rt_exit
    libinit.o(.ARM.Collect$$libinit$$00000000) refers (Special) to libinit2.o(.ARM.Collect$$libinit$$0000002E) for __rt_lib_init_alloca_1
    libinit.o(.ARM.Collect$$libinit$$00000000) refers (Special) to libinit2.o(.ARM.Collect$$libinit$$0000002C) for __rt_lib_init_argv_1
    libinit.o(.ARM.Collect$$libinit$$00000000) refers (Special) to libinit2.o(.ARM.Collect$$libinit$$0000001B) for __rt_lib_init_atexit_1
    libinit.o(.ARM.Collect$$libinit$$00000000) refers (Special) to libinit2.o(.ARM.Collect$$libinit$$00000021) for __rt_lib_init_clock_1
    libinit.o(.ARM.Collect$$libinit$$00000000) refers (Special) to libinit2.o(.ARM.Collect$$libinit$$00000032) for __rt_lib_init_cpp_1
    libinit.o(.ARM.Collect$$libinit$$00000000) refers (Special) to libinit2.o(.ARM.Collect$$libinit$$00000030) for __rt_lib_init_exceptions_1
    libinit.o(.ARM.Collect$$libinit$$00000000) refers (Special) to libinit2.o(.ARM.Collect$$libinit$$00000002) for __rt_lib_init_fp_1
    libinit.o(.ARM.Collect$$libinit$$00000000) refers (Special) to libinit2.o(.ARM.Collect$$libinit$$0000001F) for __rt_lib_init_fp_trap_1
    libinit.o(.ARM.Collect$$libinit$$00000000) refers (Special) to libinit2.o(.ARM.Collect$$libinit$$00000023) for __rt_lib_init_getenv_1
    libinit.o(.ARM.Collect$$libinit$$00000000) refers (Special) to libinit2.o(.ARM.Collect$$libinit$$0000000A) for __rt_lib_init_heap_1
    libinit.o(.ARM.Collect$$libinit$$00000000) refers (Special) to libinit2.o(.ARM.Collect$$libinit$$00000011) for __rt_lib_init_lc_collate_1
    libinit.o(.ARM.Collect$$libinit$$00000000) refers (Special) to libinit2.o(.ARM.Collect$$libinit$$00000013) for __rt_lib_init_lc_ctype_1
    libinit.o(.ARM.Collect$$libinit$$00000000) refers (Special) to libinit2.o(.ARM.Collect$$libinit$$00000015) for __rt_lib_init_lc_monetary_1
    libinit.o(.ARM.Collect$$libinit$$00000000) refers (Special) to libinit2.o(.ARM.Collect$$libinit$$00000017) for __rt_lib_init_lc_numeric_1
    libinit.o(.ARM.Collect$$libinit$$00000000) refers (Special) to libinit2.o(.ARM.Collect$$libinit$$00000019) for __rt_lib_init_lc_time_1
    libinit.o(.ARM.Collect$$libinit$$00000000) refers (Special) to libinit2.o(.ARM.Collect$$libinit$$00000004) for __rt_lib_init_preinit_1
    libinit.o(.ARM.Collect$$libinit$$00000000) refers (Special) to libinit2.o(.ARM.Collect$$libinit$$0000000E) for __rt_lib_init_rand_1
    libinit.o(.ARM.Collect$$libinit$$00000000) refers (Special) to libinit2.o(.ARM.Collect$$libinit$$00000033) for __rt_lib_init_return
    libinit.o(.ARM.Collect$$libinit$$00000000) refers (Special) to libinit2.o(.ARM.Collect$$libinit$$0000001D) for __rt_lib_init_signal_1
    libinit.o(.ARM.Collect$$libinit$$00000000) refers (Special) to libinit2.o(.ARM.Collect$$libinit$$00000025) for __rt_lib_init_stdio_1
    libinit.o(.ARM.Collect$$libinit$$00000000) refers (Special) to libinit2.o(.ARM.Collect$$libinit$$0000000C) for __rt_lib_init_user_alloc_1
    libspace.o(.text) refers to libspace.o(.bss) for __libspace_start
    rtexit.o(.ARM.Collect$$rtexit$$00000000) refers (Special) to rtexit2.o(.ARM.Collect$$rtexit$$00000004) for __rt_exit_exit
    rtexit.o(.ARM.Collect$$rtexit$$00000000) refers (Special) to rtexit2.o(.ARM.Collect$$rtexit$$00000003) for __rt_exit_ls
    rtexit.o(.ARM.Collect$$rtexit$$00000000) refers (Special) to rtexit2.o(.ARM.Collect$$rtexit$$00000002) for __rt_exit_prels_1
    rtexit.o(.ARM.exidx) refers (Special) to rtexit2.o(.ARM.Collect$$rtexit$$00000004) for __rt_exit_exit
    rtexit.o(.ARM.exidx) refers (Special) to rtexit2.o(.ARM.Collect$$rtexit$$00000003) for __rt_exit_ls
    rtexit.o(.ARM.exidx) refers (Special) to rtexit2.o(.ARM.Collect$$rtexit$$00000002) for __rt_exit_prels_1
    rtexit.o(.ARM.exidx) refers to rtexit.o(.ARM.Collect$$rtexit$$00000000) for .ARM.Collect$$rtexit$$00000000
    libinit2.o(.ARM.Collect$$libinit$$00000010) refers to libinit2.o(.ARM.Collect$$libinit$$0000000F) for .ARM.Collect$$libinit$$0000000F
    libinit2.o(.ARM.Collect$$libinit$$00000012) refers to libinit2.o(.ARM.Collect$$libinit$$0000000F) for .ARM.Collect$$libinit$$0000000F
    libinit2.o(.ARM.Collect$$libinit$$00000014) refers to libinit2.o(.ARM.Collect$$libinit$$0000000F) for .ARM.Collect$$libinit$$0000000F
    libinit2.o(.ARM.Collect$$libinit$$00000016) refers to libinit2.o(.ARM.Collect$$libinit$$0000000F) for .ARM.Collect$$libinit$$0000000F
    libinit2.o(.ARM.Collect$$libinit$$00000018) refers to libinit2.o(.ARM.Collect$$libinit$$0000000F) for .ARM.Collect$$libinit$$0000000F
    libinit2.o(.ARM.Collect$$libinit$$00000026) refers to argv_veneer.o(.emb_text) for __ARM_argv_veneer
    libinit2.o(.ARM.Collect$$libinit$$00000027) refers to argv_veneer.o(.emb_text) for __ARM_argv_veneer
    rtexit2.o(.ARM.Collect$$rtexit$$00000003) refers to libshutdown.o(.ARM.Collect$$libshutdown$$00000000) for __rt_lib_shutdown
    rtexit2.o(.ARM.Collect$$rtexit$$00000004) refers to sys_exit.o(.text) for _sys_exit
    rtexit2.o(.ARM.exidx) refers to rtexit2.o(.ARM.Collect$$rtexit$$00000001) for .ARM.Collect$$rtexit$$00000001
    rtexit2.o(.ARM.exidx) refers to rtexit2.o(.ARM.Collect$$rtexit$$00000003) for .ARM.Collect$$rtexit$$00000003
    rtexit2.o(.ARM.exidx) refers to rtexit2.o(.ARM.Collect$$rtexit$$00000004) for .ARM.Collect$$rtexit$$00000004
    argv_veneer.o(.emb_text) refers to no_argv.o(.text) for __ARM_get_argv
    sys_exit.o(.text) refers (Special) to use_no_semi.o(.text) for __I$use$semihosting
    sys_exit.o(.text) refers (Special) to indicate_semi.o(.text) for __semihosting_library_function
    _get_argv_nomalloc.o(.text) refers (Special) to hrguard.o(.text) for __heap_region$guard
    _get_argv_nomalloc.o(.text) refers to defsig_rtmem_outer.o(.text) for __rt_SIGRTMEM
    _get_argv_nomalloc.o(.text) refers to sys_command.o(.text) for _sys_command_string
    libshutdown.o(.ARM.Collect$$libshutdown$$00000000) refers (Special) to libshutdown2.o(.ARM.Collect$$libshutdown$$00000002) for __rt_lib_shutdown_cpp_1
    libshutdown.o(.ARM.Collect$$libshutdown$$00000000) refers (Special) to libshutdown2.o(.ARM.Collect$$libshutdown$$00000007) for __rt_lib_shutdown_fp_trap_1
    libshutdown.o(.ARM.Collect$$libshutdown$$00000000) refers (Special) to libshutdown2.o(.ARM.Collect$$libshutdown$$0000000F) for __rt_lib_shutdown_heap_1
    libshutdown.o(.ARM.Collect$$libshutdown$$00000000) refers (Special) to libshutdown2.o(.ARM.Collect$$libshutdown$$00000010) for __rt_lib_shutdown_return
    libshutdown.o(.ARM.Collect$$libshutdown$$00000000) refers (Special) to libshutdown2.o(.ARM.Collect$$libshutdown$$0000000A) for __rt_lib_shutdown_signal_1
    libshutdown.o(.ARM.Collect$$libshutdown$$00000000) refers (Special) to libshutdown2.o(.ARM.Collect$$libshutdown$$00000004) for __rt_lib_shutdown_stdio_1
    libshutdown.o(.ARM.Collect$$libshutdown$$00000000) refers (Special) to libshutdown2.o(.ARM.Collect$$libshutdown$$0000000C) for __rt_lib_shutdown_user_alloc_1
    sys_command.o(.text) refers (Special) to use_no_semi.o(.text) for __I$use$semihosting
    sys_command.o(.text) refers (Special) to indicate_semi.o(.text) for __semihosting_library_function
    defsig_rtmem_outer.o(.text) refers to defsig_rtmem_inner.o(.text) for __rt_SIGRTMEM_inner
    defsig_rtmem_outer.o(.text) refers to defsig_exit.o(.text) for __sig_exit
    defsig_rtmem_formal.o(.text) refers to rt_raise.o(.text) for __rt_raise
    rt_raise.o(.text) refers to __raise.o(.text) for __raise
    rt_raise.o(.text) refers to sys_exit.o(.text) for _sys_exit
    defsig_exit.o(.text) refers to sys_exit.o(.text) for _sys_exit
    defsig_rtmem_inner.o(.text) refers to defsig_general.o(.text) for __default_signal_display
    __raise.o(.text) refers to defsig.o(CL$$defsig) for __default_signal_handler
    defsig_general.o(.text) refers to sys_wrch.o(.text) for _ttywrch
    sys_wrch.o(.text) refers (Special) to use_no_semi.o(.text) for __I$use$semihosting
    sys_wrch.o(.text) refers (Special) to indicate_semi.o(.text) for __semihosting_library_function
    defsig.o(CL$$defsig) refers to defsig_rtmem_inner.o(.text) for __rt_SIGRTMEM_inner
    defsig_abrt_inner.o(.text) refers to defsig_general.o(.text) for __default_signal_display
    defsig_fpe_inner.o(.text) refers to defsig_general.o(.text) for __default_signal_display
    defsig_rtred_inner.o(.text) refers to defsig_general.o(.text) for __default_signal_display
    defsig_stak_inner.o(.text) refers to defsig_general.o(.text) for __default_signal_display
    defsig_pvfn_inner.o(.text) refers to defsig_general.o(.text) for __default_signal_display
    defsig_cppl_inner.o(.text) refers to defsig_general.o(.text) for __default_signal_display
    defsig_segv_inner.o(.text) refers to defsig_general.o(.text) for __default_signal_display
    defsig_other.o(.text) refers to defsig_general.o(.text) for __default_signal_display


==============================================================================

Removing Unused input sections from the image.

    Removing main.o(.rev16_text), (4 bytes).
    Removing main.o(.revsh_text), (4 bytes).
    Removing main.o(.rrx_text), (6 bytes).
    Removing main.o(i.getRFaverage), (36 bytes).
    Removing pwm.o(.rev16_text), (4 bytes).
    Removing pwm.o(.revsh_text), (4 bytes).
    Removing pwm.o(.rrx_text), (6 bytes).
    Removing systick.o(.text), (108 bytes).
    Removing adc14.o(.rev16_text), (4 bytes).
    Removing adc14.o(.revsh_text), (4 bytes).
    Removing adc14.o(.rrx_text), (6 bytes).
    Removing adc14.o(i.ADC0_InitSWTriggerCh6), (148 bytes).
    Removing adc14.o(i.ADC_In), (56 bytes).
    Removing inputcapture.o(.rev16_text), (4 bytes).
    Removing inputcapture.o(.revsh_text), (4 bytes).
    Removing inputcapture.o(.rrx_text), (6 bytes).
    Removing inputcapture.o(i.TimerCapture_Init0), (164 bytes).
    Removing system_msp432.o(.rev16_text), (4 bytes).
    Removing system_msp432.o(.revsh_text), (4 bytes).
    Removing system_msp432.o(.rrx_text), (6 bytes).
    Removing system_msp432.o(i.SystemCoreClockUpdate), (16 bytes).

21 unused section(s) (total 598 bytes) removed from the image.

==============================================================================

Image Symbol Table

    Local Symbols

    Symbol Name                              Value     Ov Type        Size  Object(Section)

    RESET                                    0x00000000   Section      324  startup_msp432.o(RESET)
    ../clib/angel/boardlib.s                 0x00000000   Number         0  boardinit3.o ABSOLUTE
    ../clib/angel/boardlib.s                 0x00000000   Number         0  boardinit2.o ABSOLUTE
    ../clib/angel/boardlib.s                 0x00000000   Number         0  boardinit1.o ABSOLUTE
    ../clib/angel/boardlib.s                 0x00000000   Number         0  boardshut.o ABSOLUTE
    ../clib/angel/handlers.s                 0x00000000   Number         0  __scatter_zi.o ABSOLUTE
    ../clib/angel/handlers.s                 0x00000000   Number         0  __scatter_copy.o ABSOLUTE
    ../clib/angel/kernel.s                   0x00000000   Number         0  __rtentry.o ABSOLUTE
    ../clib/angel/kernel.s                   0x00000000   Number         0  rtexit2.o ABSOLUTE
    ../clib/angel/kernel.s                   0x00000000   Number         0  __rtentry2.o ABSOLUTE
    ../clib/angel/kernel.s                   0x00000000   Number         0  __rtentry4.o ABSOLUTE
    ../clib/angel/kernel.s                   0x00000000   Number         0  rtexit.o ABSOLUTE
    ../clib/angel/rt.s                       0x00000000   Number         0  rt_raise.o ABSOLUTE
    ../clib/angel/scatter.s                  0x00000000   Number         0  __scatter.o ABSOLUTE
    ../clib/angel/startup.s                  0x00000000   Number         0  __main.o ABSOLUTE
    ../clib/angel/sys.s                      0x00000000   Number         0  sys_stackheap_outer.o ABSOLUTE
    ../clib/angel/sys.s                      0x00000000   Number         0  use_no_semi.o ABSOLUTE
    ../clib/angel/sys.s                      0x00000000   Number         0  indicate_semi.o ABSOLUTE
    ../clib/angel/sys.s                      0x00000000   Number         0  libspace.o ABSOLUTE
    ../clib/angel/sysapp.c                   0x00000000   Number         0  sys_exit.o ABSOLUTE
    ../clib/angel/sysapp.c                   0x00000000   Number         0  sys_command.o ABSOLUTE
    ../clib/angel/sysapp.c                   0x00000000   Number         0  sys_wrch.o ABSOLUTE
    ../clib/armsys.c                         0x00000000   Number         0  argv_veneer.o ABSOLUTE
    ../clib/armsys.c                         0x00000000   Number         0  argv_veneer.o ABSOLUTE
    ../clib/armsys.c                         0x00000000   Number         0  _get_argv_nomalloc.o ABSOLUTE
    ../clib/armsys.c                         0x00000000   Number         0  no_argv.o ABSOLUTE
    ../clib/heapalloc.c                      0x00000000   Number         0  hrguard.o ABSOLUTE
    ../clib/heapaux.c                        0x00000000   Number         0  heapauxi.o ABSOLUTE
    ../clib/libinit.s                        0x00000000   Number         0  libinit.o ABSOLUTE
    ../clib/libinit.s                        0x00000000   Number         0  libshutdown.o ABSOLUTE
    ../clib/libinit.s                        0x00000000   Number         0  libshutdown2.o ABSOLUTE
    ../clib/libinit.s                        0x00000000   Number         0  libinit2.o ABSOLUTE
    ../clib/signal.c                         0x00000000   Number         0  defsig_pvfn_inner.o ABSOLUTE
    ../clib/signal.c                         0x00000000   Number         0  defsig_stak_inner.o ABSOLUTE
    ../clib/signal.c                         0x00000000   Number         0  defsig_fpe_inner.o ABSOLUTE
    ../clib/signal.c                         0x00000000   Number         0  defsig_abrt_inner.o ABSOLUTE
    ../clib/signal.c                         0x00000000   Number         0  defsig_general.o ABSOLUTE
    ../clib/signal.c                         0x00000000   Number         0  __raise.o ABSOLUTE
    ../clib/signal.c                         0x00000000   Number         0  defsig_rtmem_inner.o ABSOLUTE
    ../clib/signal.c                         0x00000000   Number         0  defsig_rtred_inner.o ABSOLUTE
    ../clib/signal.c                         0x00000000   Number         0  defsig_rtmem_formal.o ABSOLUTE
    ../clib/signal.c                         0x00000000   Number         0  defsig_rtmem_outer.o ABSOLUTE
    ../clib/signal.c                         0x00000000   Number         0  defsig_exit.o ABSOLUTE
    ../clib/signal.c                         0x00000000   Number         0  defsig_other.o ABSOLUTE
    ../clib/signal.c                         0x00000000   Number         0  defsig_segv_inner.o ABSOLUTE
    ../clib/signal.c                         0x00000000   Number         0  defsig_cppl_inner.o ABSOLUTE
    ../clib/signal.s                         0x00000000   Number         0  defsig.o ABSOLUTE
    ../clib/stdlib.c                         0x00000000   Number         0  exit.o ABSOLUTE
    ../fplib/dfixu.s                         0x00000000   Number         0  dfixu.o ABSOLUTE
    ../fplib/dflt.s                          0x00000000   Number         0  dflt_clz.o ABSOLUTE
    ../fplib/dmul.s                          0x00000000   Number         0  dmul.o ABSOLUTE
    ../fplib/dnaninf.s                       0x00000000   Number         0  dnaninf.o ABSOLUTE
    ../fplib/dretinf.s                       0x00000000   Number         0  dretinf.o ABSOLUTE
    ../fplib/faddsub.s                       0x00000000   Number         0  faddsub_clz.o ABSOLUTE
    ../fplib/fdiv.s                          0x00000000   Number         0  fdiv.o ABSOLUTE
    ../fplib/ffix.s                          0x00000000   Number         0  ffix.o ABSOLUTE
    ../fplib/fflt.s                          0x00000000   Number         0  fflt_clz.o ABSOLUTE
    ../fplib/fmul.s                          0x00000000   Number         0  fmul.o ABSOLUTE
    ../fplib/fnaninf.s                       0x00000000   Number         0  fnaninf.o ABSOLUTE
    ../fplib/fpinit.s                        0x00000000   Number         0  fpinit.o ABSOLUTE
    ../fplib/fretinf.s                       0x00000000   Number         0  fretinf.o ABSOLUTE
    ../fplib/usenofp.s                       0x00000000   Number         0  usenofp.o ABSOLUTE
    ADC14.c                                  0x00000000   Number         0  adc14.o ABSOLUTE
    ADC14.c                                  0x00000000   Number         0  adc14.o ABSOLUTE
    ClockSystem.s                            0x00000000   Number         0  clocksystem.o ABSOLUTE
    InputCapture.c                           0x00000000   Number         0  inputcapture.o ABSOLUTE
    InputCapture.c                           0x00000000   Number         0  inputcapture.o ABSOLUTE
    PWM.c                                    0x00000000   Number         0  pwm.o ABSOLUTE
    PWM.c                                    0x00000000   Number         0  pwm.o ABSOLUTE
    RTE\Device\MSP432P401R\startup_msp432.s  0x00000000   Number         0  startup_msp432.o ABSOLUTE
    RTE\Device\MSP432P401R\system_msp432.c   0x00000000   Number         0  system_msp432.o ABSOLUTE
    RTE\\Device\\MSP432P401R\\system_msp432.c 0x00000000   Number         0  system_msp432.o ABSOLUTE
    SysTick.s                                0x00000000   Number         0  systick.o ABSOLUTE
    dc.s                                     0x00000000   Number         0  dc.o ABSOLUTE
    main.c                                   0x00000000   Number         0  main.o ABSOLUTE
    main.c                                   0x00000000   Number         0  main.o ABSOLUTE
    !!!main                                  0x00000144   Section        8  __main.o(!!!main)
    !!!scatter                               0x0000014c   Section       52  __scatter.o(!!!scatter)
    !!handler_copy                           0x00000180   Section       26  __scatter_copy.o(!!handler_copy)
    !!handler_zi                             0x0000019c   Section       28  __scatter_zi.o(!!handler_zi)
    .ARM.Collect$$libinit$$00000000          0x000001b8   Section        2  libinit.o(.ARM.Collect$$libinit$$00000000)
    .ARM.Collect$$libinit$$00000002          0x000001ba   Section        0  libinit2.o(.ARM.Collect$$libinit$$00000002)
    .ARM.Collect$$libinit$$00000004          0x000001ba   Section        0  libinit2.o(.ARM.Collect$$libinit$$00000004)
    .ARM.Collect$$libinit$$0000000A          0x000001ba   Section        0  libinit2.o(.ARM.Collect$$libinit$$0000000A)
    .ARM.Collect$$libinit$$0000000C          0x000001ba   Section        0  libinit2.o(.ARM.Collect$$libinit$$0000000C)
    .ARM.Collect$$libinit$$0000000E          0x000001ba   Section        0  libinit2.o(.ARM.Collect$$libinit$$0000000E)
    .ARM.Collect$$libinit$$00000011          0x000001ba   Section        0  libinit2.o(.ARM.Collect$$libinit$$00000011)
    .ARM.Collect$$libinit$$00000013          0x000001ba   Section        0  libinit2.o(.ARM.Collect$$libinit$$00000013)
    .ARM.Collect$$libinit$$00000015          0x000001ba   Section        0  libinit2.o(.ARM.Collect$$libinit$$00000015)
    .ARM.Collect$$libinit$$00000017          0x000001ba   Section        0  libinit2.o(.ARM.Collect$$libinit$$00000017)
    .ARM.Collect$$libinit$$00000019          0x000001ba   Section        0  libinit2.o(.ARM.Collect$$libinit$$00000019)
    .ARM.Collect$$libinit$$0000001B          0x000001ba   Section        0  libinit2.o(.ARM.Collect$$libinit$$0000001B)
    .ARM.Collect$$libinit$$0000001D          0x000001ba   Section        0  libinit2.o(.ARM.Collect$$libinit$$0000001D)
    .ARM.Collect$$libinit$$0000001F          0x000001ba   Section        0  libinit2.o(.ARM.Collect$$libinit$$0000001F)
    .ARM.Collect$$libinit$$00000021          0x000001ba   Section        0  libinit2.o(.ARM.Collect$$libinit$$00000021)
    .ARM.Collect$$libinit$$00000023          0x000001ba   Section        0  libinit2.o(.ARM.Collect$$libinit$$00000023)
    .ARM.Collect$$libinit$$00000025          0x000001ba   Section        0  libinit2.o(.ARM.Collect$$libinit$$00000025)
    .ARM.Collect$$libinit$$0000002C          0x000001ba   Section        0  libinit2.o(.ARM.Collect$$libinit$$0000002C)
    .ARM.Collect$$libinit$$0000002E          0x000001ba   Section        0  libinit2.o(.ARM.Collect$$libinit$$0000002E)
    .ARM.Collect$$libinit$$00000030          0x000001ba   Section        0  libinit2.o(.ARM.Collect$$libinit$$00000030)
    .ARM.Collect$$libinit$$00000032          0x000001ba   Section        0  libinit2.o(.ARM.Collect$$libinit$$00000032)
    .ARM.Collect$$libinit$$00000033          0x000001ba   Section        2  libinit2.o(.ARM.Collect$$libinit$$00000033)
    .ARM.Collect$$libshutdown$$00000000      0x000001bc   Section        2  libshutdown.o(.ARM.Collect$$libshutdown$$00000000)
    .ARM.Collect$$libshutdown$$00000002      0x000001be   Section        0  libshutdown2.o(.ARM.Collect$$libshutdown$$00000002)
    .ARM.Collect$$libshutdown$$00000004      0x000001be   Section        0  libshutdown2.o(.ARM.Collect$$libshutdown$$00000004)
    .ARM.Collect$$libshutdown$$00000007      0x000001be   Section        0  libshutdown2.o(.ARM.Collect$$libshutdown$$00000007)
    .ARM.Collect$$libshutdown$$0000000A      0x000001be   Section        0  libshutdown2.o(.ARM.Collect$$libshutdown$$0000000A)
    .ARM.Collect$$libshutdown$$0000000C      0x000001be   Section        0  libshutdown2.o(.ARM.Collect$$libshutdown$$0000000C)
    .ARM.Collect$$libshutdown$$0000000F      0x000001be   Section        0  libshutdown2.o(.ARM.Collect$$libshutdown$$0000000F)
    .ARM.Collect$$libshutdown$$00000010      0x000001be   Section        2  libshutdown2.o(.ARM.Collect$$libshutdown$$00000010)
    .ARM.Collect$$rtentry$$00000000          0x000001c0   Section        0  __rtentry.o(.ARM.Collect$$rtentry$$00000000)
    .ARM.Collect$$rtentry$$00000002          0x000001c0   Section        0  __rtentry2.o(.ARM.Collect$$rtentry$$00000002)
    .ARM.Collect$$rtentry$$00000004          0x000001c0   Section        6  __rtentry4.o(.ARM.Collect$$rtentry$$00000004)
    .ARM.Collect$$rtentry$$00000009          0x000001c6   Section        0  __rtentry2.o(.ARM.Collect$$rtentry$$00000009)
    .ARM.Collect$$rtentry$$0000000A          0x000001c6   Section        4  __rtentry2.o(.ARM.Collect$$rtentry$$0000000A)
    .ARM.Collect$$rtentry$$0000000C          0x000001ca   Section        0  __rtentry2.o(.ARM.Collect$$rtentry$$0000000C)
    .ARM.Collect$$rtentry$$0000000D          0x000001ca   Section        8  __rtentry2.o(.ARM.Collect$$rtentry$$0000000D)
    .ARM.Collect$$rtexit$$00000000           0x000001d2   Section        2  rtexit.o(.ARM.Collect$$rtexit$$00000000)
    .ARM.Collect$$rtexit$$00000002           0x000001d4   Section        0  rtexit2.o(.ARM.Collect$$rtexit$$00000002)
    .ARM.Collect$$rtexit$$00000003           0x000001d4   Section        4  rtexit2.o(.ARM.Collect$$rtexit$$00000003)
    .ARM.Collect$$rtexit$$00000004           0x000001d8   Section        6  rtexit2.o(.ARM.Collect$$rtexit$$00000004)
    .emb_text                                0x000001e0   Section        6  main.o(.emb_text)
    .text                                    0x000001e8   Section      760  clocksystem.o(.text)
    .text                                    0x000004e0   Section       84  startup_msp432.o(.text)
    .text                                    0x00000534   Section        0  heapauxi.o(.text)
    .text                                    0x0000053a   Section       74  sys_stackheap_outer.o(.text)
    .text                                    0x00000584   Section        0  exit.o(.text)
    .text                                    0x00000598   Section        8  libspace.o(.text)
    .text                                    0x000005a0   Section        0  sys_exit.o(.text)
    .text                                    0x000005ac   Section        2  use_no_semi.o(.text)
    .text                                    0x000005ae   Section        0  indicate_semi.o(.text)
    i.PWM_Duty1                              0x000005ae   Section        0  pwm.o(i.PWM_Duty1)
    i.PWM_Duty2                              0x000005c4   Section        0  pwm.o(i.PWM_Duty2)
    i.PWM_Init                               0x000005dc   Section        0  pwm.o(i.PWM_Init)
    i.PeriodMeasure                          0x0000066c   Section        0  main.o(i.PeriodMeasure)
    i.PeriodMeasure2                         0x0000067c   Section        0  main.o(i.PeriodMeasure2)
    i.SystemInit                             0x0000068c   Section        0  system_msp432.o(i.SystemInit)
    i.TA0_0_IRQHandler                       0x000006a8   Section        0  inputcapture.o(i.TA0_0_IRQHandler)
    i.TA1_0_IRQHandler                       0x000006c8   Section        0  inputcapture.o(i.TA1_0_IRQHandler)
    i.TA1_N_IRQHandler                       0x000006ec   Section        0  inputcapture.o(i.TA1_N_IRQHandler)
    i.TA2_N_IRQHandler                       0x00000710   Section        0  inputcapture.o(i.TA2_N_IRQHandler)
    i.TA3_0_IRQHandler                       0x0000074c   Section        0  inputcapture.o(i.TA3_0_IRQHandler)
    i.TimerCapture_Init01                    0x00000788   Section        0  inputcapture.o(i.TimerCapture_Init01)
    i.TimerCapture_Init2                     0x00000868   Section        0  inputcapture.o(i.TimerCapture_Init2)
    i.TimerCapture_Init3                     0x00000914   Section        0  inputcapture.o(i.TimerCapture_Init3)
    i.control                                0x000009f0   Section        0  main.o(i.control)
    i.getAverageOfArray                      0x00000c08   Section        0  main.o(i.getAverageOfArray)
    i.goStraight                             0x00000c2c   Section        0  main.o(i.goStraight)
    i.initArray                              0x00000c50   Section        0  main.o(i.initArray)
    i.main                                   0x00000c8c   Section        0  main.o(i.main)
    i.turnRight                              0x00000dfc   Section        0  main.o(i.turnRight)
    i.updateArray                            0x00000e48   Section        0  main.o(i.updateArray)
    x$fpl$dfixu                              0x00000eb8   Section       90  dfixu.o(x$fpl$dfixu)
    x$fpl$dflt                               0x00000f12   Section       46  dflt_clz.o(x$fpl$dflt)
    x$fpl$dmul                               0x00000f40   Section      340  dmul.o(x$fpl$dmul)
    x$fpl$dnaninf                            0x00001094   Section      156  dnaninf.o(x$fpl$dnaninf)
    x$fpl$dretinf                            0x00001130   Section       12  dretinf.o(x$fpl$dretinf)
    x$fpl$fadd                               0x0000113c   Section      196  faddsub_clz.o(x$fpl$fadd)
    _fadd1                                   0x0000114b   Thumb Code     0  faddsub_clz.o(x$fpl$fadd)
    x$fpl$fdiv                               0x00001200   Section      388  fdiv.o(x$fpl$fdiv)
    _fdiv1                                   0x00001201   Thumb Code     0  fdiv.o(x$fpl$fdiv)
    x$fpl$ffix                               0x00001384   Section       54  ffix.o(x$fpl$ffix)
    x$fpl$fflt                               0x000013bc   Section       48  fflt_clz.o(x$fpl$fflt)
    x$fpl$fmul                               0x000013ec   Section      258  fmul.o(x$fpl$fmul)
    x$fpl$fnaninf                            0x000014ee   Section      140  fnaninf.o(x$fpl$fnaninf)
    x$fpl$fretinf                            0x0000157a   Section       10  fretinf.o(x$fpl$fretinf)
    x$fpl$fsub                               0x00001584   Section      234  faddsub_clz.o(x$fpl$fsub)
    _fsub1                                   0x00001593   Thumb Code     0  faddsub_clz.o(x$fpl$fsub)
    x$fpl$usenofp                            0x0000166e   Section        0  usenofp.o(x$fpl$usenofp)
    .data                                    0x20000000   Section      140  main.o(.data)
    .data                                    0x20000090   Section       40  inputcapture.o(.data)
    .data                                    0x200000b8   Section        4  system_msp432.o(.data)
    .bss                                     0x200000bc   Section       40  main.o(.bss)
    .bss                                     0x200000e4   Section       96  libspace.o(.bss)
    HEAP                                     0x20000148   Section        0  startup_msp432.o(HEAP)
    STACK                                    0x20000148   Section     1024  startup_msp432.o(STACK)
    Heap_Mem                                 0x20000148   Data           0  startup_msp432.o(HEAP)
    Stack_Mem                                0x20000148   Data        1024  startup_msp432.o(STACK)
    __initial_sp                             0x20000548   Data           0  startup_msp432.o(STACK)

    Global Symbols

    Symbol Name                              Value     Ov Type        Size  Object(Section)

    BuildAttributes$$THM_ISAv4$E$P$D$K$B$S$7EM$PE$A:L22UL41UL21$X:L11$S22US41US21$IEEE1$IW$USESV6$~STKCKD$USESV7$~SHL$OSPACE$ROPI$EBA8$UX$STANDARDLIB$REQ8$PRES8$EABIv2 0x00000000   Number         0  anon$$obj.o ABSOLUTE
    __ARM_use_no_argv                        0x00000000   Number         0  main.o ABSOLUTE
    __Vectors                                0x00000000   Data           4  startup_msp432.o(RESET)
    __ARM_exceptions_init                     - Undefined Weak Reference
    __alloca_initialize                       - Undefined Weak Reference
    __arm_preinit_                            - Undefined Weak Reference
    __cpp_initialize__aeabi_                  - Undefined Weak Reference
    __cxa_finalize                            - Undefined Weak Reference
    __rt_locale                               - Undefined Weak Reference
    __sigvec_lookup                           - Undefined Weak Reference
    _atexit_init                              - Undefined Weak Reference
    _call_atexit_fns                          - Undefined Weak Reference
    _clock_init                               - Undefined Weak Reference
    _fp_trap_init                             - Undefined Weak Reference
    _fp_trap_shutdown                         - Undefined Weak Reference
    _get_lc_collate                           - Undefined Weak Reference
    _get_lc_ctype                             - Undefined Weak Reference
    _get_lc_monetary                          - Undefined Weak Reference
    _get_lc_numeric                           - Undefined Weak Reference
    _get_lc_time                              - Undefined Weak Reference
    _getenv_init                              - Undefined Weak Reference
    _handle_redirection                       - Undefined Weak Reference
    _init_alloc                               - Undefined Weak Reference
    _init_user_alloc                          - Undefined Weak Reference
    _initio                                   - Undefined Weak Reference
    _rand_init                                - Undefined Weak Reference
    _signal_finish                            - Undefined Weak Reference
    _signal_init                              - Undefined Weak Reference
    _terminate_alloc                          - Undefined Weak Reference
    _terminate_user_alloc                     - Undefined Weak Reference
    _terminateio                              - Undefined Weak Reference
    __Vectors_End                            0x00000144   Data           0  startup_msp432.o(RESET)
    __Vectors_Size                           0x00000144   Number         0  startup_msp432.o ABSOLUTE
    __main                                   0x00000145   Thumb Code     8  __main.o(!!!main)
    __scatterload                            0x0000014d   Thumb Code     0  __scatter.o(!!!scatter)
    __scatterload_rt2                        0x0000014d   Thumb Code    44  __scatter.o(!!!scatter)
    __scatterload_rt2_thumb_only             0x0000014d   Thumb Code     0  __scatter.o(!!!scatter)
    __scatterload_null                       0x0000015b   Thumb Code     0  __scatter.o(!!!scatter)
    __scatterload_copy                       0x00000181   Thumb Code    26  __scatter_copy.o(!!handler_copy)
    __scatterload_zeroinit                   0x0000019d   Thumb Code    28  __scatter_zi.o(!!handler_zi)
    __rt_lib_init                            0x000001b9   Thumb Code     0  libinit.o(.ARM.Collect$$libinit$$00000000)
    __rt_lib_init_alloca_1                   0x000001bb   Thumb Code     0  libinit2.o(.ARM.Collect$$libinit$$0000002E)
    __rt_lib_init_argv_1                     0x000001bb   Thumb Code     0  libinit2.o(.ARM.Collect$$libinit$$0000002C)
    __rt_lib_init_atexit_1                   0x000001bb   Thumb Code     0  libinit2.o(.ARM.Collect$$libinit$$0000001B)
    __rt_lib_init_clock_1                    0x000001bb   Thumb Code     0  libinit2.o(.ARM.Collect$$libinit$$00000021)
    __rt_lib_init_cpp_1                      0x000001bb   Thumb Code     0  libinit2.o(.ARM.Collect$$libinit$$00000032)
    __rt_lib_init_exceptions_1               0x000001bb   Thumb Code     0  libinit2.o(.ARM.Collect$$libinit$$00000030)
    __rt_lib_init_fp_1                       0x000001bb   Thumb Code     0  libinit2.o(.ARM.Collect$$libinit$$00000002)
    __rt_lib_init_fp_trap_1                  0x000001bb   Thumb Code     0  libinit2.o(.ARM.Collect$$libinit$$0000001F)
    __rt_lib_init_getenv_1                   0x000001bb   Thumb Code     0  libinit2.o(.ARM.Collect$$libinit$$00000023)
    __rt_lib_init_heap_1                     0x000001bb   Thumb Code     0  libinit2.o(.ARM.Collect$$libinit$$0000000A)
    __rt_lib_init_lc_collate_1               0x000001bb   Thumb Code     0  libinit2.o(.ARM.Collect$$libinit$$00000011)
    __rt_lib_init_lc_ctype_1                 0x000001bb   Thumb Code     0  libinit2.o(.ARM.Collect$$libinit$$00000013)
    __rt_lib_init_lc_monetary_1              0x000001bb   Thumb Code     0  libinit2.o(.ARM.Collect$$libinit$$00000015)
    __rt_lib_init_lc_numeric_1               0x000001bb   Thumb Code     0  libinit2.o(.ARM.Collect$$libinit$$00000017)
    __rt_lib_init_lc_time_1                  0x000001bb   Thumb Code     0  libinit2.o(.ARM.Collect$$libinit$$00000019)
    __rt_lib_init_preinit_1                  0x000001bb   Thumb Code     0  libinit2.o(.ARM.Collect$$libinit$$00000004)
    __rt_lib_init_rand_1                     0x000001bb   Thumb Code     0  libinit2.o(.ARM.Collect$$libinit$$0000000E)
    __rt_lib_init_return                     0x000001bb   Thumb Code     0  libinit2.o(.ARM.Collect$$libinit$$00000033)
    __rt_lib_init_signal_1                   0x000001bb   Thumb Code     0  libinit2.o(.ARM.Collect$$libinit$$0000001D)
    __rt_lib_init_stdio_1                    0x000001bb   Thumb Code     0  libinit2.o(.ARM.Collect$$libinit$$00000025)
    __rt_lib_init_user_alloc_1               0x000001bb   Thumb Code     0  libinit2.o(.ARM.Collect$$libinit$$0000000C)
    __rt_lib_shutdown                        0x000001bd   Thumb Code     0  libshutdown.o(.ARM.Collect$$libshutdown$$00000000)
    __rt_lib_shutdown_cpp_1                  0x000001bf   Thumb Code     0  libshutdown2.o(.ARM.Collect$$libshutdown$$00000002)
    __rt_lib_shutdown_fp_trap_1              0x000001bf   Thumb Code     0  libshutdown2.o(.ARM.Collect$$libshutdown$$00000007)
    __rt_lib_shutdown_heap_1                 0x000001bf   Thumb Code     0  libshutdown2.o(.ARM.Collect$$libshutdown$$0000000F)
    __rt_lib_shutdown_return                 0x000001bf   Thumb Code     0  libshutdown2.o(.ARM.Collect$$libshutdown$$00000010)
    __rt_lib_shutdown_signal_1               0x000001bf   Thumb Code     0  libshutdown2.o(.ARM.Collect$$libshutdown$$0000000A)
    __rt_lib_shutdown_stdio_1                0x000001bf   Thumb Code     0  libshutdown2.o(.ARM.Collect$$libshutdown$$00000004)
    __rt_lib_shutdown_user_alloc_1           0x000001bf   Thumb Code     0  libshutdown2.o(.ARM.Collect$$libshutdown$$0000000C)
    __rt_entry                               0x000001c1   Thumb Code     0  __rtentry.o(.ARM.Collect$$rtentry$$00000000)
    __rt_entry_presh_1                       0x000001c1   Thumb Code     0  __rtentry2.o(.ARM.Collect$$rtentry$$00000002)
    __rt_entry_sh                            0x000001c1   Thumb Code     0  __rtentry4.o(.ARM.Collect$$rtentry$$00000004)
    __rt_entry_li                            0x000001c7   Thumb Code     0  __rtentry2.o(.ARM.Collect$$rtentry$$0000000A)
    __rt_entry_postsh_1                      0x000001c7   Thumb Code     0  __rtentry2.o(.ARM.Collect$$rtentry$$00000009)
    __rt_entry_main                          0x000001cb   Thumb Code     0  __rtentry2.o(.ARM.Collect$$rtentry$$0000000D)
    __rt_entry_postli_1                      0x000001cb   Thumb Code     0  __rtentry2.o(.ARM.Collect$$rtentry$$0000000C)
    __rt_exit                                0x000001d3   Thumb Code     0  rtexit.o(.ARM.Collect$$rtexit$$00000000)
    __rt_exit_ls                             0x000001d5   Thumb Code     0  rtexit2.o(.ARM.Collect$$rtexit$$00000003)
    __rt_exit_prels_1                        0x000001d5   Thumb Code     0  rtexit2.o(.ARM.Collect$$rtexit$$00000002)
    __rt_exit_exit                           0x000001d9   Thumb Code     0  rtexit2.o(.ARM.Collect$$rtexit$$00000004)
    Delay                                    0x000001e1   Thumb Code     6  main.o(.emb_text)
    Clock_Init                               0x000001e9   Thumb Code     0  clocksystem.o(.text)
    Clock_Init48MHz                          0x00000237   Thumb Code     0  clocksystem.o(.text)
    Clock_Init32kHz                          0x0000031d   Thumb Code     0  clocksystem.o(.text)
    Clock_InitLowPower                       0x000003ff   Thumb Code     0  clocksystem.o(.text)
    Reset_Handler                            0x000004e1   Thumb Code     8  startup_msp432.o(.text)
    NMI_Handler                              0x000004e9   Thumb Code     2  startup_msp432.o(.text)
    HardFault_Handler                        0x000004eb   Thumb Code     2  startup_msp432.o(.text)
    MemManage_Handler                        0x000004ed   Thumb Code     2  startup_msp432.o(.text)
    BusFault_Handler                         0x000004ef   Thumb Code     2  startup_msp432.o(.text)
    UsageFault_Handler                       0x000004f1   Thumb Code     2  startup_msp432.o(.text)
    SVC_Handler                              0x000004f3   Thumb Code     2  startup_msp432.o(.text)
    DebugMon_Handler                         0x000004f5   Thumb Code     2  startup_msp432.o(.text)
    PendSV_Handler                           0x000004f7   Thumb Code     2  startup_msp432.o(.text)
    SysTick_Handler                          0x000004f9   Thumb Code     2  startup_msp432.o(.text)
    ADC14_IRQHandler                         0x000004fb   Thumb Code     0  startup_msp432.o(.text)
    AES256_IRQHandler                        0x000004fb   Thumb Code     0  startup_msp432.o(.text)
    COMP_E0_IRQHandler                       0x000004fb   Thumb Code     0  startup_msp432.o(.text)
    COMP_E1_IRQHandler                       0x000004fb   Thumb Code     0  startup_msp432.o(.text)
    CS_IRQHandler                            0x000004fb   Thumb Code     0  startup_msp432.o(.text)
    DMA_ERR_IRQHandler                       0x000004fb   Thumb Code     0  startup_msp432.o(.text)
    DMA_INT0_IRQHandler                      0x000004fb   Thumb Code     0  startup_msp432.o(.text)
    DMA_INT1_IRQHandler                      0x000004fb   Thumb Code     0  startup_msp432.o(.text)
    DMA_INT2_IRQHandler                      0x000004fb   Thumb Code     0  startup_msp432.o(.text)
    DMA_INT3_IRQHandler                      0x000004fb   Thumb Code     0  startup_msp432.o(.text)
    EUSCIA0_IRQHandler                       0x000004fb   Thumb Code     0  startup_msp432.o(.text)
    EUSCIA1_IRQHandler                       0x000004fb   Thumb Code     0  startup_msp432.o(.text)
    EUSCIA2_IRQHandler                       0x000004fb   Thumb Code     0  startup_msp432.o(.text)
    EUSCIA3_IRQHandler                       0x000004fb   Thumb Code     0  startup_msp432.o(.text)
    EUSCIB0_IRQHandler                       0x000004fb   Thumb Code     0  startup_msp432.o(.text)
    EUSCIB1_IRQHandler                       0x000004fb   Thumb Code     0  startup_msp432.o(.text)
    EUSCIB2_IRQHandler                       0x000004fb   Thumb Code     0  startup_msp432.o(.text)
    EUSCIB3_IRQHandler                       0x000004fb   Thumb Code     0  startup_msp432.o(.text)
    FLCTL_IRQHandler                         0x000004fb   Thumb Code     0  startup_msp432.o(.text)
    FPU_IRQHandler                           0x000004fb   Thumb Code     0  startup_msp432.o(.text)
    PCM_IRQHandler                           0x000004fb   Thumb Code     0  startup_msp432.o(.text)
    PORT1_IRQHandler                         0x000004fb   Thumb Code     0  startup_msp432.o(.text)
    PORT2_IRQHandler                         0x000004fb   Thumb Code     0  startup_msp432.o(.text)
    PORT3_IRQHandler                         0x000004fb   Thumb Code     0  startup_msp432.o(.text)
    PORT4_IRQHandler                         0x000004fb   Thumb Code     0  startup_msp432.o(.text)
    PORT5_IRQHandler                         0x000004fb   Thumb Code     0  startup_msp432.o(.text)
    PORT6_IRQHandler                         0x000004fb   Thumb Code     0  startup_msp432.o(.text)
    PSS_IRQHandler                           0x000004fb   Thumb Code     0  startup_msp432.o(.text)
    RTC_C_IRQHandler                         0x000004fb   Thumb Code     0  startup_msp432.o(.text)
    T32_INT1_IRQHandler                      0x000004fb   Thumb Code     0  startup_msp432.o(.text)
    T32_INT2_IRQHandler                      0x000004fb   Thumb Code     0  startup_msp432.o(.text)
    T32_INTC_IRQHandler                      0x000004fb   Thumb Code     0  startup_msp432.o(.text)
    TA0_N_IRQHandler                         0x000004fb   Thumb Code     0  startup_msp432.o(.text)
    TA2_0_IRQHandler                         0x000004fb   Thumb Code     0  startup_msp432.o(.text)
    TA3_N_IRQHandler                         0x000004fb   Thumb Code     0  startup_msp432.o(.text)
    WDT_A_IRQHandler                         0x000004fb   Thumb Code     0  startup_msp432.o(.text)
    DisableInterrupts                        0x00000505   Thumb Code     0  startup_msp432.o(.text)
    EnableInterrupts                         0x00000509   Thumb Code     0  startup_msp432.o(.text)
    StartCritical                            0x0000050d   Thumb Code     0  startup_msp432.o(.text)
    EndCritical                              0x00000515   Thumb Code     0  startup_msp432.o(.text)
    WaitForInterrupt                         0x0000051b   Thumb Code     0  startup_msp432.o(.text)
    __user_initial_stackheap                 0x0000051f   Thumb Code    10  startup_msp432.o(.text)
    __use_two_region_memory                  0x00000535   Thumb Code     2  heapauxi.o(.text)
    __rt_heap_escrow$2region                 0x00000537   Thumb Code     2  heapauxi.o(.text)
    __rt_heap_expand$2region                 0x00000539   Thumb Code     2  heapauxi.o(.text)
    __user_setup_stackheap                   0x0000053b   Thumb Code    74  sys_stackheap_outer.o(.text)
    exit                                     0x00000585   Thumb Code    18  exit.o(.text)
    __user_libspace                          0x00000599   Thumb Code     8  libspace.o(.text)
    __user_perproc_libspace                  0x00000599   Thumb Code     0  libspace.o(.text)
    __user_perthread_libspace                0x00000599   Thumb Code     0  libspace.o(.text)
    _sys_exit                                0x000005a1   Thumb Code     8  sys_exit.o(.text)
    __I$use$semihosting                      0x000005ad   Thumb Code     0  use_no_semi.o(.text)
    __use_no_semihosting_swi                 0x000005ad   Thumb Code     2  use_no_semi.o(.text)
    PWM_Duty1                                0x000005af   Thumb Code    22  pwm.o(i.PWM_Duty1)
    __semihosting_library_function           0x000005af   Thumb Code     0  indicate_semi.o(.text)
    PWM_Duty2                                0x000005c5   Thumb Code    22  pwm.o(i.PWM_Duty2)
    PWM_Init                                 0x000005dd   Thumb Code   140  pwm.o(i.PWM_Init)
    PeriodMeasure                            0x0000066d   Thumb Code    12  main.o(i.PeriodMeasure)
    PeriodMeasure2                           0x0000067d   Thumb Code    12  main.o(i.PeriodMeasure2)
    SystemInit                               0x0000068d   Thumb Code    16  system_msp432.o(i.SystemInit)
    TA0_0_IRQHandler                         0x000006a9   Thumb Code    28  inputcapture.o(i.TA0_0_IRQHandler)
    TA1_0_IRQHandler                         0x000006c9   Thumb Code    28  inputcapture.o(i.TA1_0_IRQHandler)
    TA1_N_IRQHandler                         0x000006ed   Thumb Code    28  inputcapture.o(i.TA1_N_IRQHandler)
    TA2_N_IRQHandler                         0x00000711   Thumb Code    48  inputcapture.o(i.TA2_N_IRQHandler)
    TA3_0_IRQHandler                         0x0000074d   Thumb Code    48  inputcapture.o(i.TA3_0_IRQHandler)
    TimerCapture_Init01                      0x00000789   Thumb Code   196  inputcapture.o(i.TimerCapture_Init01)
    TimerCapture_Init2                       0x00000869   Thumb Code   154  inputcapture.o(i.TimerCapture_Init2)
    TimerCapture_Init3                       0x00000915   Thumb Code   198  inputcapture.o(i.TimerCapture_Init3)
    control                                  0x000009f1   Thumb Code   468  main.o(i.control)
    getAverageOfArray                        0x00000c09   Thumb Code    30  main.o(i.getAverageOfArray)
    goStraight                               0x00000c2d   Thumb Code    32  main.o(i.goStraight)
    initArray                                0x00000c51   Thumb Code    44  main.o(i.initArray)
    main                                     0x00000c8d   Thumb Code   334  main.o(i.main)
    turnRight                                0x00000dfd   Thumb Code    54  main.o(i.turnRight)
    updateArray                              0x00000e49   Thumb Code    86  main.o(i.updateArray)
    __aeabi_d2uiz                            0x00000eb9   Thumb Code     0  dfixu.o(x$fpl$dfixu)
    _dfixu                                   0x00000eb9   Thumb Code    90  dfixu.o(x$fpl$dfixu)
    __aeabi_i2d                              0x00000f13   Thumb Code     0  dflt_clz.o(x$fpl$dflt)
    _dflt                                    0x00000f13   Thumb Code    46  dflt_clz.o(x$fpl$dflt)
    __aeabi_dmul                             0x00000f41   Thumb Code     0  dmul.o(x$fpl$dmul)
    _dmul                                    0x00000f41   Thumb Code   332  dmul.o(x$fpl$dmul)
    __fpl_dnaninf                            0x00001095   Thumb Code   156  dnaninf.o(x$fpl$dnaninf)
    __fpl_dretinf                            0x00001131   Thumb Code    12  dretinf.o(x$fpl$dretinf)
    __aeabi_fadd                             0x0000113d   Thumb Code     0  faddsub_clz.o(x$fpl$fadd)
    _fadd                                    0x0000113d   Thumb Code   196  faddsub_clz.o(x$fpl$fadd)
    __aeabi_fdiv                             0x00001201   Thumb Code     0  fdiv.o(x$fpl$fdiv)
    _fdiv                                    0x00001201   Thumb Code   384  fdiv.o(x$fpl$fdiv)
    __aeabi_f2iz                             0x00001385   Thumb Code     0  ffix.o(x$fpl$ffix)
    _ffix                                    0x00001385   Thumb Code    54  ffix.o(x$fpl$ffix)
    __aeabi_i2f                              0x000013bd   Thumb Code     0  fflt_clz.o(x$fpl$fflt)
    _fflt                                    0x000013bd   Thumb Code    48  fflt_clz.o(x$fpl$fflt)
    __aeabi_fmul                             0x000013ed   Thumb Code     0  fmul.o(x$fpl$fmul)
    _fmul                                    0x000013ed   Thumb Code   258  fmul.o(x$fpl$fmul)
    __fpl_fnaninf                            0x000014ef   Thumb Code   140  fnaninf.o(x$fpl$fnaninf)
    __fpl_fretinf                            0x0000157b   Thumb Code    10  fretinf.o(x$fpl$fretinf)
    __aeabi_fsub                             0x00001585   Thumb Code     0  faddsub_clz.o(x$fpl$fsub)
    _fsub                                    0x00001585   Thumb Code   234  faddsub_clz.o(x$fpl$fsub)
    __I$use$fp                               0x0000166e   Number         0  usenofp.o(x$fpl$usenofp)
    Region$$Table$$Base                      0x00001670   Number         0  anon$$obj.o(Region$$Table)
    Region$$Table$$Limit                     0x00001690   Number         0  anon$$obj.o(Region$$Table)
    Speed                                    0x20000000   Data           4  main.o(.data)
    measureSum                               0x20000004   Data           4  main.o(.data)
    measureAvg                               0x20000008   Data           2  main.o(.data)
    Period                                   0x2000000a   Data           2  main.o(.data)
    Period2                                  0x2000000c   Data           2  main.o(.data)
    First                                    0x2000000e   Data           2  main.o(.data)
    First2                                   0x20000010   Data           2  main.o(.data)
    Done                                     0x20000014   Data           4  main.o(.data)
    Done2                                    0x20000018   Data           4  main.o(.data)
    counter                                  0x2000001c   Data           4  main.o(.data)
    counter2                                 0x20000020   Data           4  main.o(.data)
    measureCounter                           0x20000024   Data           4  main.o(.data)
    DESIRED_DISTANCE                         0x20000028   Data           4  main.o(.data)
    error                                    0x2000002c   Data           4  main.o(.data)
    integral                                 0x20000030   Data           4  main.o(.data)
    dt                                       0x20000034   Data           4  main.o(.data)
    Kp1                                      0x20000038   Data           4  main.o(.data)
    Kp2                                      0x2000003c   Data           4  main.o(.data)
    Kd                                       0x20000040   Data           4  main.o(.data)
    Ki                                       0x20000044   Data           4  main.o(.data)
    previousError                            0x20000048   Data           4  main.o(.data)
    dErrorR                                  0x2000004c   Data           4  main.o(.data)
    iErrorR                                  0x20000050   Data           4  main.o(.data)
    updateR                                  0x20000054   Data           4  main.o(.data)
    dErrorL                                  0x20000058   Data           4  main.o(.data)
    iErrorL                                  0x2000005c   Data           4  main.o(.data)
    updateL                                  0x20000060   Data           4  main.o(.data)
    speedRight                               0x20000064   Data           4  main.o(.data)
    speedLeft                                0x20000068   Data           4  main.o(.data)
    oldError                                 0x2000006c   Data           4  main.o(.data)
    E                                        0x20000070   Data           4  main.o(.data)
    oldInches                                0x20000074   Data           4  main.o(.data)
    oldSpeedLeft                             0x20000078   Data           4  main.o(.data)
    oldSpeedRight                            0x2000007c   Data           4  main.o(.data)
    noTurn                                   0x20000080   Data           4  main.o(.data)
    arrayIndex                               0x20000084   Data           4  main.o(.data)
    arrayIndexRF                             0x20000088   Data           4  main.o(.data)
    CaptureTask                              0x20000090   Data           4  inputcapture.o(.data)
    CaptureTask2                             0x20000094   Data           4  inputcapture.o(.data)
    CaptureTask3                             0x20000098   Data           4  inputcapture.o(.data)
    ClockCounter                             0x2000009c   Data           4  inputcapture.o(.data)
    ClockCounter2                            0x200000a0   Data           4  inputcapture.o(.data)
    PW1                                      0x200000a4   Data           2  inputcapture.o(.data)
    PW2                                      0x200000a6   Data           2  inputcapture.o(.data)
    inchesRB                                 0x200000a8   Data           4  inputcapture.o(.data)
    inchesRF                                 0x200000ac   Data           4  inputcapture.o(.data)
    inchesPrecise                            0x200000b0   Data           8  inputcapture.o(.data)
    SystemCoreClock                          0x200000b8   Data           4  system_msp432.o(.data)
    averageDistance                          0x200000bc   Data          20  main.o(.bss)
    averageRF                                0x200000d0   Data          20  main.o(.bss)
    __libspace_start                         0x200000e4   Data          96  libspace.o(.bss)
    __temporary_stack_top$libspace           0x20000144   Data           0  libspace.o(.bss)



==============================================================================

Memory Map of the image

  Image Entry point : 0x000004e1

  Load Region LR_1 (Base: 0x00000000, Size: 0x0000174c, Max: 0xffffffff, ABSOLUTE)

    Execution Region ER_RO (Base: 0x00000000, Size: 0x00001690, Max: 0xffffffff, ABSOLUTE)

    Base Addr    Size         Type   Attr      Idx    E Section Name        Object

    0x00000000   0x00000144   Data   RO          280    RESET               startup_msp432.o
    0x00000144   0x00000008   Code   RO          325  * !!!main             c_w.l(__main.o)
    0x0000014c   0x00000034   Code   RO          525    !!!scatter          c_w.l(__scatter.o)
    0x00000180   0x0000001a   Code   RO          527    !!handler_copy      c_w.l(__scatter_copy.o)
    0x0000019a   0x00000002   PAD
    0x0000019c   0x0000001c   Code   RO          529    !!handler_zi        c_w.l(__scatter_zi.o)
    0x000001b8   0x00000002   Code   RO          395    .ARM.Collect$$libinit$$00000000  c_w.l(libinit.o)
    0x000001ba   0x00000000   Code   RO          402    .ARM.Collect$$libinit$$00000002  c_w.l(libinit2.o)
    0x000001ba   0x00000000   Code   RO          404    .ARM.Collect$$libinit$$00000004  c_w.l(libinit2.o)
    0x000001ba   0x00000000   Code   RO          407    .ARM.Collect$$libinit$$0000000A  c_w.l(libinit2.o)
    0x000001ba   0x00000000   Code   RO          409    .ARM.Collect$$libinit$$0000000C  c_w.l(libinit2.o)
    0x000001ba   0x00000000   Code   RO          411    .ARM.Collect$$libinit$$0000000E  c_w.l(libinit2.o)
    0x000001ba   0x00000000   Code   RO          414    .ARM.Collect$$libinit$$00000011  c_w.l(libinit2.o)
    0x000001ba   0x00000000   Code   RO          416    .ARM.Collect$$libinit$$00000013  c_w.l(libinit2.o)
    0x000001ba   0x00000000   Code   RO          418    .ARM.Collect$$libinit$$00000015  c_w.l(libinit2.o)
    0x000001ba   0x00000000   Code   RO          420    .ARM.Collect$$libinit$$00000017  c_w.l(libinit2.o)
    0x000001ba   0x00000000   Code   RO          422    .ARM.Collect$$libinit$$00000019  c_w.l(libinit2.o)
    0x000001ba   0x00000000   Code   RO          424    .ARM.Collect$$libinit$$0000001B  c_w.l(libinit2.o)
    0x000001ba   0x00000000   Code   RO          426    .ARM.Collect$$libinit$$0000001D  c_w.l(libinit2.o)
    0x000001ba   0x00000000   Code   RO          428    .ARM.Collect$$libinit$$0000001F  c_w.l(libinit2.o)
    0x000001ba   0x00000000   Code   RO          430    .ARM.Collect$$libinit$$00000021  c_w.l(libinit2.o)
    0x000001ba   0x00000000   Code   RO          432    .ARM.Collect$$libinit$$00000023  c_w.l(libinit2.o)
    0x000001ba   0x00000000   Code   RO          434    .ARM.Collect$$libinit$$00000025  c_w.l(libinit2.o)
    0x000001ba   0x00000000   Code   RO          438    .ARM.Collect$$libinit$$0000002C  c_w.l(libinit2.o)
    0x000001ba   0x00000000   Code   RO          440    .ARM.Collect$$libinit$$0000002E  c_w.l(libinit2.o)
    0x000001ba   0x00000000   Code   RO          442    .ARM.Collect$$libinit$$00000030  c_w.l(libinit2.o)
    0x000001ba   0x00000000   Code   RO          444    .ARM.Collect$$libinit$$00000032  c_w.l(libinit2.o)
    0x000001ba   0x00000002   Code   RO          445    .ARM.Collect$$libinit$$00000033  c_w.l(libinit2.o)
    0x000001bc   0x00000002   Code   RO          465    .ARM.Collect$$libshutdown$$00000000  c_w.l(libshutdown.o)
    0x000001be   0x00000000   Code   RO          478    .ARM.Collect$$libshutdown$$00000002  c_w.l(libshutdown2.o)
    0x000001be   0x00000000   Code   RO          480    .ARM.Collect$$libshutdown$$00000004  c_w.l(libshutdown2.o)
    0x000001be   0x00000000   Code   RO          483    .ARM.Collect$$libshutdown$$00000007  c_w.l(libshutdown2.o)
    0x000001be   0x00000000   Code   RO          486    .ARM.Collect$$libshutdown$$0000000A  c_w.l(libshutdown2.o)
    0x000001be   0x00000000   Code   RO          488    .ARM.Collect$$libshutdown$$0000000C  c_w.l(libshutdown2.o)
    0x000001be   0x00000000   Code   RO          491    .ARM.Collect$$libshutdown$$0000000F  c_w.l(libshutdown2.o)
    0x000001be   0x00000002   Code   RO          492    .ARM.Collect$$libshutdown$$00000010  c_w.l(libshutdown2.o)
    0x000001c0   0x00000000   Code   RO          361    .ARM.Collect$$rtentry$$00000000  c_w.l(__rtentry.o)
    0x000001c0   0x00000000   Code   RO          372    .ARM.Collect$$rtentry$$00000002  c_w.l(__rtentry2.o)
    0x000001c0   0x00000006   Code   RO          384    .ARM.Collect$$rtentry$$00000004  c_w.l(__rtentry4.o)
    0x000001c6   0x00000000   Code   RO          374    .ARM.Collect$$rtentry$$00000009  c_w.l(__rtentry2.o)
    0x000001c6   0x00000004   Code   RO          375    .ARM.Collect$$rtentry$$0000000A  c_w.l(__rtentry2.o)
    0x000001ca   0x00000000   Code   RO          377    .ARM.Collect$$rtentry$$0000000C  c_w.l(__rtentry2.o)
    0x000001ca   0x00000008   Code   RO          378    .ARM.Collect$$rtentry$$0000000D  c_w.l(__rtentry2.o)
    0x000001d2   0x00000002   Code   RO          399    .ARM.Collect$$rtexit$$00000000  c_w.l(rtexit.o)
    0x000001d4   0x00000000   Code   RO          447    .ARM.Collect$$rtexit$$00000002  c_w.l(rtexit2.o)
    0x000001d4   0x00000004   Code   RO          448    .ARM.Collect$$rtexit$$00000003  c_w.l(rtexit2.o)
    0x000001d8   0x00000006   Code   RO          449    .ARM.Collect$$rtexit$$00000004  c_w.l(rtexit2.o)
    0x000001de   0x00000002   PAD
    0x000001e0   0x00000006   Code   RO            4    .emb_text           main.o
    0x000001e6   0x00000002   PAD
    0x000001e8   0x000002f8   Code   RO          164    .text               clocksystem.o
    0x000004e0   0x00000054   Code   RO          281  * .text               startup_msp432.o
    0x00000534   0x00000006   Code   RO          323    .text               c_w.l(heapauxi.o)
    0x0000053a   0x0000004a   Code   RO          386    .text               c_w.l(sys_stackheap_outer.o)
    0x00000584   0x00000012   Code   RO          388    .text               c_w.l(exit.o)
    0x00000596   0x00000002   PAD
    0x00000598   0x00000008   Code   RO          396    .text               c_w.l(libspace.o)
    0x000005a0   0x0000000c   Code   RO          457    .text               c_w.l(sys_exit.o)
    0x000005ac   0x00000002   Code   RO          468    .text               c_w.l(use_no_semi.o)
    0x000005ae   0x00000000   Code   RO          470    .text               c_w.l(indicate_semi.o)
    0x000005ae   0x00000016   Code   RO          131    i.PWM_Duty1         pwm.o
    0x000005c4   0x00000016   Code   RO          132    i.PWM_Duty2         pwm.o
    0x000005da   0x00000002   PAD
    0x000005dc   0x00000090   Code   RO          133    i.PWM_Init          pwm.o
    0x0000066c   0x00000010   Code   RO            5    i.PeriodMeasure     main.o
    0x0000067c   0x00000010   Code   RO            6    i.PeriodMeasure2    main.o
    0x0000068c   0x0000001c   Code   RO          289    i.SystemInit        system_msp432.o
    0x000006a8   0x00000020   Code   RO          203    i.TA0_0_IRQHandler  inputcapture.o
    0x000006c8   0x00000024   Code   RO          204    i.TA1_0_IRQHandler  inputcapture.o
    0x000006ec   0x00000024   Code   RO          205    i.TA1_N_IRQHandler  inputcapture.o
    0x00000710   0x0000003c   Code   RO          206    i.TA2_N_IRQHandler  inputcapture.o
    0x0000074c   0x0000003c   Code   RO          207    i.TA3_0_IRQHandler  inputcapture.o
    0x00000788   0x000000e0   Code   RO          209    i.TimerCapture_Init01  inputcapture.o
    0x00000868   0x000000ac   Code   RO          210    i.TimerCapture_Init2  inputcapture.o
    0x00000914   0x000000dc   Code   RO          211    i.TimerCapture_Init3  inputcapture.o
    0x000009f0   0x00000218   Code   RO            7    i.control           main.o
    0x00000c08   0x00000024   Code   RO            8    i.getAverageOfArray  main.o
    0x00000c2c   0x00000024   Code   RO           10    i.goStraight        main.o
    0x00000c50   0x0000003c   Code   RO           11    i.initArray         main.o
    0x00000c8c   0x00000170   Code   RO           12    i.main              main.o
    0x00000dfc   0x0000004c   Code   RO           13    i.turnRight         main.o
    0x00000e48   0x00000070   Code   RO           14    i.updateArray       main.o
    0x00000eb8   0x0000005a   Code   RO          327    x$fpl$dfixu         fz_ws.l(dfixu.o)
    0x00000f12   0x0000002e   Code   RO          332    x$fpl$dflt          fz_ws.l(dflt_clz.o)
    0x00000f40   0x00000154   Code   RO          337    x$fpl$dmul          fz_ws.l(dmul.o)
    0x00001094   0x0000009c   Code   RO          362    x$fpl$dnaninf       fz_ws.l(dnaninf.o)
    0x00001130   0x0000000c   Code   RO          364    x$fpl$dretinf       fz_ws.l(dretinf.o)
    0x0000113c   0x000000c4   Code   RO          339    x$fpl$fadd          fz_ws.l(faddsub_clz.o)
    0x00001200   0x00000184   Code   RO          346    x$fpl$fdiv          fz_ws.l(fdiv.o)
    0x00001384   0x00000036   Code   RO          349    x$fpl$ffix          fz_ws.l(ffix.o)
    0x000013ba   0x00000002   PAD
    0x000013bc   0x00000030   Code   RO          354    x$fpl$fflt          fz_ws.l(fflt_clz.o)
    0x000013ec   0x00000102   Code   RO          359    x$fpl$fmul          fz_ws.l(fmul.o)
    0x000014ee   0x0000008c   Code   RO          366    x$fpl$fnaninf       fz_ws.l(fnaninf.o)
    0x0000157a   0x0000000a   Code   RO          368    x$fpl$fretinf       fz_ws.l(fretinf.o)
    0x00001584   0x000000ea   Code   RO          341    x$fpl$fsub          fz_ws.l(faddsub_clz.o)
    0x0000166e   0x00000000   Code   RO          370    x$fpl$usenofp       fz_ws.l(usenofp.o)
    0x0000166e   0x00000002   PAD
    0x00001670   0x00000020   Data   RO          523    Region$$Table       anon$$obj.o


    Execution Region ER_RW (Base: 0x20000000, Size: 0x000000bc, Max: 0xffffffff, ABSOLUTE)

    Base Addr    Size         Type   Attr      Idx    E Section Name        Object

    0x20000000   0x0000008c   Data   RW           16    .data               main.o
    0x2000008c   0x00000004   PAD
    0x20000090   0x00000028   Data   RW          212    .data               inputcapture.o
    0x200000b8   0x00000004   Data   RW          290    .data               system_msp432.o


    Execution Region ER_ZI (Base: 0x200000bc, Size: 0x0000048c, Max: 0xffffffff, ABSOLUTE)

    Base Addr    Size         Type   Attr      Idx    E Section Name        Object

    0x200000bc   0x00000028   Zero   RW           15    .bss                main.o
    0x200000e4   0x00000060   Zero   RW          397    .bss                c_w.l(libspace.o)
    0x20000144   0x00000004   PAD
    0x20000148   0x00000000   Zero   RW          279    HEAP                startup_msp432.o
    0x20000148   0x00000400   Zero   RW          278    STACK               startup_msp432.o


==============================================================================

Image component sizes


      Code (inc. data)   RO Data    RW Data    ZI Data      Debug   Object Name

       760         78          0          0          0        512   clocksystem.o
       840        112          0         40          0       4990   inputcapture.o
      1262        184          0        140         40      11207   main.o
       188          4          0          0          0       1507   pwm.o
        84         20        324          0       1024        892   startup_msp432.o
        28         12          0          4          0        719   system_msp432.o

    ----------------------------------------------------------------------
      3166        410        356        188       1064      19827   Object Totals
         0          0         32          0          0          0   (incl. Generated)
         4          0          0          4          0          0   (incl. Padding)

    ----------------------------------------------------------------------

      Code (inc. data)   RO Data    RW Data    ZI Data      Debug   Library Member Name

         8          0          0          0          0         68   __main.o
         0          0          0          0          0          0   __rtentry.o
        12          0          0          0          0          0   __rtentry2.o
         6          0          0          0          0          0   __rtentry4.o
        52          8          0          0          0          0   __scatter.o
        26          0          0          0          0          0   __scatter_copy.o
        28          0          0          0          0          0   __scatter_zi.o
        18          0          0          0          0         80   exit.o
         6          0          0          0          0        152   heapauxi.o
         0          0          0          0          0          0   indicate_semi.o
         2          0          0          0          0          0   libinit.o
         2          0          0          0          0          0   libinit2.o
         2          0          0          0          0          0   libshutdown.o
         2          0          0          0          0          0   libshutdown2.o
         8          4          0          0         96         68   libspace.o
         2          0          0          0          0          0   rtexit.o
        10          0          0          0          0          0   rtexit2.o
        12          4          0          0          0         68   sys_exit.o
        74          0          0          0          0         80   sys_stackheap_outer.o
         2          0          0          0          0         68   use_no_semi.o
        90          4          0          0          0         92   dfixu.o
        46          0          0          0          0         68   dflt_clz.o
       340         12          0          0          0        104   dmul.o
       156          4          0          0          0         92   dnaninf.o
        12          0          0          0          0         68   dretinf.o
       430          8          0          0          0        168   faddsub_clz.o
       388         76          0          0          0         96   fdiv.o
        54          4          0          0          0         84   ffix.o
        48          0          0          0          0         68   fflt_clz.o
       258          4          0          0          0         84   fmul.o
       140          4          0          0          0         84   fnaninf.o
        10          0          0          0          0         68   fretinf.o
         0          0          0          0          0          0   usenofp.o

    ----------------------------------------------------------------------
      2254        132          0          0        100       1660   Library Totals
        10          0          0          0          4          0   (incl. Padding)

    ----------------------------------------------------------------------

      Code (inc. data)   RO Data    RW Data    ZI Data      Debug   Library Name

       272         16          0          0         96        584   c_w.l
      1972        116          0          0          0       1076   fz_ws.l

    ----------------------------------------------------------------------
      2254        132          0          0        100       1660   Library Totals

    ----------------------------------------------------------------------

==============================================================================


      Code (inc. data)   RO Data    RW Data    ZI Data      Debug   

      5420        542        356        188       1164      19663   Grand Totals
      5420        542        356        188       1164      19663   ELF Image Totals
      5420        542        356        188          0          0   ROM Totals

==============================================================================

    Total RO  Size (Code + RO Data)                 5776 (   5.64kB)
    Total RW  Size (RW Data + ZI Data)              1352 (   1.32kB)
    Total ROM Size (Code + RO Data + RW Data)       5964 (   5.82kB)

==============================================================================

